Problem31([0.8, 0.4, 0.9, 0.4, 0.2, 0.21, 0.6, 0.43, 0.21, -0.1]), dt:0.0002, θ:0.5, η:0.5
proto EM  :0.06070519816732105
EM        :0.06070519816732105
Diffeq    :0.06117469011914639
proto PCE :0.009101953502701472
PCE       :0.009101953502701782
